---
source: crates/fhirconnect/tests/it/engine.rs
expression: "outbound.value().to_serde_json(&mut\nfhir_types::codec::Path::root(\"Condition\"))?"
---
{
  "code": {
    "coding": [
      {
        "code": "SYN-001",
        "display": "Synthetic problem one",
        "system": "http://example.org/fhir/CodeSystem/synthetic-problems"
      }
    ],
    "text": "Synthetic problem one"
  },
  "onsetDateTime": "2026-09-12T09:00:00+02:00",
  "resourceType": "Condition"
}
