---
source: crates/fhirconnect/tests/it/resolve.rs
expression: program.to_string()
---
program ferrobridge_diagnose.context
  profile http://example.org/fhir/StructureDefinition/ferrobridge-diagnosis version 1.0.0
  template ferrobridge.diagnose.v1 sem_ver unpinned generation adl1.4
  resource Condition
  start EVALUATION.problem_diagnosis.v1
  model EVALUATION.problem_diagnosis.v1 version 0.0.1-alpha archetype openEHR-EHR-EVALUATION.problem_diagnosis.v1 revision 1.4.1
    extension ferrobridge_problem_diagnose
  model CLUSTER.problem_qualifier.v2 version 0.0.1-alpha archetype openEHR-EHR-CLUSTER.problem_qualifier.v2 revision 2.0.1
    extension ferrobridge_kds_problem_qualifier
  preprocessor EVALUATION.problem_diagnosis.v1
    fhirCondition not of [entered-in-error] on fhir $resource -> Condition complex writable (element)
      attribute fhir $resource.verificationStatus.coding.code -> Coding.code primitive writable
  mapping contextStartTime from EVALUATION.problem_diagnosis.v1
    fhir $resource.recordedDate -> Condition.recordedDate primitive writable
    openehr /context/start_time -> /context/start_time DV_DATE_TIME
    derived dateTime
  mapping participations from ferrobridge_problem_diagnose
    fhir $resource.asserter -> Condition.asserter complex writable
    openehr /context/participations -> /context EVENT_CONTEXT tail participations
    participationsFunction asserter
  mapping composer from EVALUATION.problem_diagnosis.v1
    fhir $resource.recorder -> Condition.recorder complex writable
    openehr /composer -> /composer PARTY_PROXY
    derived Reference
  mapping other_participations from ferrobridge_problem_diagnose
    fhir $resource.asserter -> Condition.asserter complex writable
    openehr /content[openEHR-EHR-EVALUATION.problem_diagnosis.v1]/other_participations -> /content[openEHR-EHR-EVALUATION.problem_diagnosis.v1] EVALUATION tail other_participations
    participationsFunction asserter
  mapping provider from EVALUATION.problem_diagnosis.v1
    fhir $resource.recorder -> Condition.recorder complex writable
    openehr /content[openEHR-EHR-EVALUATION.problem_diagnosis.v1]/provider -> /content[openEHR-EHR-EVALUATION.problem_diagnosis.v1] EVALUATION tail provider
    derived Reference
  mapping problemDiagnose from EVALUATION.problem_diagnosis.v1
    fhir $resource.code -> Condition.code complex writable
    openehr /content[openEHR-EHR-EVALUATION.problem_diagnosis.v1]/data[at0001]/items[at0002] -> /content[openEHR-EHR-EVALUATION.problem_diagnosis.v1]/data[at0001]/items[at0002]/value DV_TEXT
    derived CodeableConcept
    mapping problemDiagnose.coding from ferrobridge_problem_diagnose
      fhir $resource.code.coding -> CodeableConcept.coding complex writable
      openehr /content[openEHR-EHR-EVALUATION.problem_diagnosis.v1]/data[at0001]/items[at0002] -> /content[openEHR-EHR-EVALUATION.problem_diagnosis.v1]/data[at0001]/items[at0002]/value DV_TEXT
      derived Coding
      fhirCondition one of [http://example.org/fhir/CodeSystem/ferrobridge-diagnosis] on fhir $resource.code.coding -> CodeableConcept.coding complex writable (element)
        attribute fhir $resource.code.coding.system -> Coding.system primitive writable
      mapping problemDiagnose.coding.codingSystem from ferrobridge_problem_diagnose
        fhir $resource.code.coding -> CodeableConcept.coding complex writable
        manual system
          fhir $resource.code.coding.system -> Coding.system primitive writable = http://example.org/fhir/CodeSystem/ferrobridge-diagnosis
      mapping problemDiagnose.coding.certainty from ferrobridge_problem_diagnose
        fhir $resource.code.coding.extension -> Coding.extension complex writable
        openehr /content[openEHR-EHR-EVALUATION.problem_diagnosis.v1]/data[at0001]/items[at0073] -> /content[openEHR-EHR-EVALUATION.problem_diagnosis.v1]/data[at0001]/items[at0073]/value DV_CODED_TEXT
        derived choice read $resource.code.coding.extension.value -> Extension.value[x] choice writable write CodeableConcept as $resource.code.coding.extension.value.as(CodeableConcept) -> Extension.value[x] complex writable
        fhirCondition one of [http://example.org/fhir/StructureDefinition/diagnostic-certainty] on fhir $resource.code.coding.extension -> Coding.extension complex writable (element)
          attribute fhir $resource.code.coding.extension.url -> Extension.url attribute writable
        mapping problemDiagnose.coding.certainty.certaintyValue from ferrobridge_problem_diagnose
          fhir $resource.code.coding.extension.value.ofType(Coding) -> Extension.value[x] complex writable
          openehr /content[openEHR-EHR-EVALUATION.problem_diagnosis.v1]/data[at0001]/items[at0073] -> /content[openEHR-EHR-EVALUATION.problem_diagnosis.v1]/data[at0001]/items[at0073]/value DV_CODED_TEXT
          type CODING
  mapping note from EVALUATION.problem_diagnosis.v1
    fhir $resource.note.text -> Annotation.text primitive writable
    openehr /content[openEHR-EHR-EVALUATION.problem_diagnosis.v1]/data[at0001]/items[at0069] -> /content[openEHR-EHR-EVALUATION.problem_diagnosis.v1]/data[at0001]/items[at0069]/value DV_TEXT
    derived string
  mapping dateTime from ferrobridge_problem_diagnose
    fhir $resource -> Condition complex writable
    openehr /content[openEHR-EHR-EVALUATION.problem_diagnosis.v1] -> /content[openEHR-EHR-EVALUATION.problem_diagnosis.v1] EVALUATION
    type NONE
    mapping dateTime.onset from ferrobridge_problem_diagnose
      fhir $resource.onset.ofType(dateTime) -> Condition.onset[x] primitive writable
      openehr /content[openEHR-EHR-EVALUATION.problem_diagnosis.v1]/data[at0001]/items[at0077] -> /content[openEHR-EHR-EVALUATION.problem_diagnosis.v1]/data[at0001]/items[at0077]/value DV_DATE_TIME
      type DATETIME
      openehrCondition not empty [] on openehr /content[openEHR-EHR-EVALUATION.problem_diagnosis.v1]/data[at0001] -> /content[openEHR-EHR-EVALUATION.problem_diagnosis.v1] EVALUATION tail data[at0001] (ancestor)
        attribute openehr /content[openEHR-EHR-EVALUATION.problem_diagnosis.v1]/data[at0001]/items[at0077] -> /content[openEHR-EHR-EVALUATION.problem_diagnosis.v1]/data[at0001]/items[at0077]/value DV_DATE_TIME
  mapping bodySite from ferrobridge_problem_diagnose
    fhir $resource -> Condition complex writable
    openehr /content[openEHR-EHR-EVALUATION.problem_diagnosis.v1] -> /content[openEHR-EHR-EVALUATION.problem_diagnosis.v1] EVALUATION
    type NONE
  mapping bodySiteCluster from ferrobridge_problem_diagnose
    fhir $resource.bodySite.text -> CodeableConcept.text primitive writable
    openehr /content[openEHR-EHR-EVALUATION.problem_diagnosis.v1]/data[at0012]/items[at0013] -> /content[openEHR-EHR-EVALUATION.problem_diagnosis.v1]/data[at0012]/items[at0013]/value DV_CODED_TEXT
    type STRING
  mapping severity from EVALUATION.problem_diagnosis.v1
    fhir $resource.severity -> Condition.severity complex writable
    openehr /content[openEHR-EHR-EVALUATION.problem_diagnosis.v1]/data[at0001]/items[at0005] -> /content[openEHR-EHR-EVALUATION.problem_diagnosis.v1]/data[at0001]/items[at0005]/value DV_TEXT
    derived CodeableConcept
  mapping problemQualifier from ferrobridge_problem_diagnose
    fhir $resource -> Condition complex writable
    openehr /content[openEHR-EHR-EVALUATION.problem_diagnosis.v1]/data[at0001]/items[openEHR-EHR-CLUSTER.problem_qualifier.v2] -> /content[openEHR-EHR-EVALUATION.problem_diagnosis.v1]/data[at0001]/items[openEHR-EHR-CLUSTER.problem_qualifier.v2] CLUSTER occurrences [diagnosis/problem_diagnosis/problem_qualifier]
    slotArchetype CLUSTER.problem_qualifier.v2
      mapping statusCoded from ferrobridge_kds_problem_qualifier
        fhir $resource.verificationStatus.coding -> CodeableConcept.coding complex writable
        openehr /content[openEHR-EHR-EVALUATION.problem_diagnosis.v1]/data[at0001]/items[openEHR-EHR-CLUSTER.problem_qualifier.v2]/items[at0004] -> /content[openEHR-EHR-EVALUATION.problem_diagnosis.v1]/data[at0001]/items[openEHR-EHR-CLUSTER.problem_qualifier.v2]/items[at0004]/value DV_CODED_TEXT occurrences [diagnosis/problem_diagnosis/problem_qualifier]
        fhirCondition not of [entered-in-error] on fhir $resource.verificationStatus -> Condition.verificationStatus complex writable (ancestor)
          attribute fhir $resource.verificationStatus.coding.code -> Coding.code primitive writable
        manual provisional
          fhir $resource.verificationStatus.coding.code -> Coding.code primitive writable = provisional
          fhir $resource.verificationStatus.coding.display -> Coding.display primitive writable = Provisional
          fhir $resource.verificationStatus.coding.system -> Coding.system primitive writable = http://terminology.hl7.org/CodeSystem/condition-ver-status
          openehr /content[openEHR-EHR-EVALUATION.problem_diagnosis.v1]/data[at0001]/items[openEHR-EHR-CLUSTER.problem_qualifier.v2]/items[at0004]/defining_code/terminology_id/value -> /content[openEHR-EHR-EVALUATION.problem_diagnosis.v1]/data[at0001]/items[openEHR-EHR-CLUSTER.problem_qualifier.v2]/items[at0004]/value DV_CODED_TEXT tail defining_code/terminology_id/value occurrences [diagnosis/problem_diagnosis/problem_qualifier] = local
          openehr /content[openEHR-EHR-EVALUATION.problem_diagnosis.v1]/data[at0001]/items[openEHR-EHR-CLUSTER.problem_qualifier.v2]/items[at0004]/defining_code/code_string -> /content[openEHR-EHR-EVALUATION.problem_diagnosis.v1]/data[at0001]/items[openEHR-EHR-CLUSTER.problem_qualifier.v2]/items[at0004]/value DV_CODED_TEXT tail defining_code/code_string occurrences [diagnosis/problem_diagnosis/problem_qualifier] = at0017
          openehr /content[openEHR-EHR-EVALUATION.problem_diagnosis.v1]/data[at0001]/items[openEHR-EHR-CLUSTER.problem_qualifier.v2]/items[at0004]/value -> /content[openEHR-EHR-EVALUATION.problem_diagnosis.v1]/data[at0001]/items[openEHR-EHR-CLUSTER.problem_qualifier.v2]/items[at0004]/value DV_CODED_TEXT occurrences [diagnosis/problem_diagnosis/problem_qualifier] = Working
          fhirCondition one of [provisional] on fhir $resource.verificationStatus.coding -> CodeableConcept.coding complex writable (element)
            attribute fhir $resource.verificationStatus.coding.code -> Coding.code primitive writable
          openehrCondition one of [at0017] on openehr /content[openEHR-EHR-EVALUATION.problem_diagnosis.v1]/data[at0001]/items[openEHR-EHR-CLUSTER.problem_qualifier.v2] -> /content[openEHR-EHR-EVALUATION.problem_diagnosis.v1]/data[at0001]/items[openEHR-EHR-CLUSTER.problem_qualifier.v2] CLUSTER occurrences [diagnosis/problem_diagnosis/problem_qualifier] (ancestor)
            attribute openehr /content[openEHR-EHR-EVALUATION.problem_diagnosis.v1]/data[at0001]/items[openEHR-EHR-CLUSTER.problem_qualifier.v2]/items[at0004]/defining_code/code_string -> /content[openEHR-EHR-EVALUATION.problem_diagnosis.v1]/data[at0001]/items[openEHR-EHR-CLUSTER.problem_qualifier.v2]/items[at0004]/value DV_CODED_TEXT tail defining_code/code_string occurrences [diagnosis/problem_diagnosis/problem_qualifier]
        manual differential
          fhir $resource.verificationStatus.coding.code -> Coding.code primitive writable = differential
          fhir $resource.verificationStatus.coding.display -> Coding.display primitive writable = Differential
          fhir $resource.verificationStatus.coding.system -> Coding.system primitive writable = http://terminology.hl7.org/CodeSystem/condition-ver-status
          openehr /content[openEHR-EHR-EVALUATION.problem_diagnosis.v1]/data[at0001]/items[openEHR-EHR-CLUSTER.problem_qualifier.v2]/items[at0004]/defining_code/terminology_id/value -> /content[openEHR-EHR-EVALUATION.problem_diagnosis.v1]/data[at0001]/items[openEHR-EHR-CLUSTER.problem_qualifier.v2]/items[at0004]/value DV_CODED_TEXT tail defining_code/terminology_id/value occurrences [diagnosis/problem_diagnosis/problem_qualifier] = local
          openehr /content[openEHR-EHR-EVALUATION.problem_diagnosis.v1]/data[at0001]/items[openEHR-EHR-CLUSTER.problem_qualifier.v2]/items[at0004]/defining_code/code_string -> /content[openEHR-EHR-EVALUATION.problem_diagnosis.v1]/data[at0001]/items[openEHR-EHR-CLUSTER.problem_qualifier.v2]/items[at0004]/value DV_CODED_TEXT tail defining_code/code_string occurrences [diagnosis/problem_diagnosis/problem_qualifier] = at0017
          openehr /content[openEHR-EHR-EVALUATION.problem_diagnosis.v1]/data[at0001]/items[openEHR-EHR-CLUSTER.problem_qualifier.v2]/items[at0004]/value -> /content[openEHR-EHR-EVALUATION.problem_diagnosis.v1]/data[at0001]/items[openEHR-EHR-CLUSTER.problem_qualifier.v2]/items[at0004]/value DV_CODED_TEXT occurrences [diagnosis/problem_diagnosis/problem_qualifier] = Working
          fhirCondition one of [differential] on fhir $resource.verificationStatus.coding -> CodeableConcept.coding complex writable (element)
            attribute fhir $resource.verificationStatus.coding.code -> Coding.code primitive writable
          openehrCondition one of [at0017] on openehr /content[openEHR-EHR-EVALUATION.problem_diagnosis.v1]/data[at0001]/items[openEHR-EHR-CLUSTER.problem_qualifier.v2] -> /content[openEHR-EHR-EVALUATION.problem_diagnosis.v1]/data[at0001]/items[openEHR-EHR-CLUSTER.problem_qualifier.v2] CLUSTER occurrences [diagnosis/problem_diagnosis/problem_qualifier] (ancestor)
            attribute openehr /content[openEHR-EHR-EVALUATION.problem_diagnosis.v1]/data[at0001]/items[openEHR-EHR-CLUSTER.problem_qualifier.v2]/items[at0004]/defining_code/code_string -> /content[openEHR-EHR-EVALUATION.problem_diagnosis.v1]/data[at0001]/items[openEHR-EHR-CLUSTER.problem_qualifier.v2]/items[at0004]/value DV_CODED_TEXT tail defining_code/code_string occurrences [diagnosis/problem_diagnosis/problem_qualifier]
        manual preliminary
          fhir $resource.verificationStatus.coding.code -> Coding.code primitive writable = unconfirmed
          fhir $resource.verificationStatus.coding.display -> Coding.display primitive writable = Unconfirmed
          fhir $resource.verificationStatus.coding.system -> Coding.system primitive writable = http://terminology.hl7.org/CodeSystem/condition-ver-status
          openehr /content[openEHR-EHR-EVALUATION.problem_diagnosis.v1]/data[at0001]/items[openEHR-EHR-CLUSTER.problem_qualifier.v2]/items[at0004]/defining_code/terminology_id/value -> /content[openEHR-EHR-EVALUATION.problem_diagnosis.v1]/data[at0001]/items[openEHR-EHR-CLUSTER.problem_qualifier.v2]/items[at0004]/value DV_CODED_TEXT tail defining_code/terminology_id/value occurrences [diagnosis/problem_diagnosis/problem_qualifier] = local
          openehr /content[openEHR-EHR-EVALUATION.problem_diagnosis.v1]/data[at0001]/items[openEHR-EHR-CLUSTER.problem_qualifier.v2]/items[at0004]/defining_code/code_string -> /content[openEHR-EHR-EVALUATION.problem_diagnosis.v1]/data[at0001]/items[openEHR-EHR-CLUSTER.problem_qualifier.v2]/items[at0004]/value DV_CODED_TEXT tail defining_code/code_string occurrences [diagnosis/problem_diagnosis/problem_qualifier] = at0016
          openehr /content[openEHR-EHR-EVALUATION.problem_diagnosis.v1]/data[at0001]/items[openEHR-EHR-CLUSTER.problem_qualifier.v2]/items[at0004]/value -> /content[openEHR-EHR-EVALUATION.problem_diagnosis.v1]/data[at0001]/items[openEHR-EHR-CLUSTER.problem_qualifier.v2]/items[at0004]/value DV_CODED_TEXT occurrences [diagnosis/problem_diagnosis/problem_qualifier] = Preliminary
          fhirCondition one of [unconfirmed] on fhir $resource.verificationStatus.coding -> CodeableConcept.coding complex writable (element)
            attribute fhir $resource.verificationStatus.coding.code -> Coding.code primitive writable
          openehrCondition one of [at0016] on openehr /content[openEHR-EHR-EVALUATION.problem_diagnosis.v1]/data[at0001]/items[openEHR-EHR-CLUSTER.problem_qualifier.v2] -> /content[openEHR-EHR-EVALUATION.problem_diagnosis.v1]/data[at0001]/items[openEHR-EHR-CLUSTER.problem_qualifier.v2] CLUSTER occurrences [diagnosis/problem_diagnosis/problem_qualifier] (ancestor)
            attribute openehr /content[openEHR-EHR-EVALUATION.problem_diagnosis.v1]/data[at0001]/items[openEHR-EHR-CLUSTER.problem_qualifier.v2]/items[at0004]/defining_code/code_string -> /content[openEHR-EHR-EVALUATION.problem_diagnosis.v1]/data[at0001]/items[openEHR-EHR-CLUSTER.problem_qualifier.v2]/items[at0004]/value DV_CODED_TEXT tail defining_code/code_string occurrences [diagnosis/problem_diagnosis/problem_qualifier]
        manual established
          fhir $resource.verificationStatus.coding.code -> Coding.code primitive writable = confirmed
          fhir $resource.verificationStatus.coding.display -> Coding.display primitive writable = Confirmed
          fhir $resource.verificationStatus.coding.system -> Coding.system primitive writable = http://terminology.hl7.org/CodeSystem/condition-ver-status
          openehr /content[openEHR-EHR-EVALUATION.problem_diagnosis.v1]/data[at0001]/items[openEHR-EHR-CLUSTER.problem_qualifier.v2]/items[at0004]/defining_code/terminology_id/value -> /content[openEHR-EHR-EVALUATION.problem_diagnosis.v1]/data[at0001]/items[openEHR-EHR-CLUSTER.problem_qualifier.v2]/items[at0004]/value DV_CODED_TEXT tail defining_code/terminology_id/value occurrences [diagnosis/problem_diagnosis/problem_qualifier] = local
          openehr /content[openEHR-EHR-EVALUATION.problem_diagnosis.v1]/data[at0001]/items[openEHR-EHR-CLUSTER.problem_qualifier.v2]/items[at0004]/defining_code/code_string -> /content[openEHR-EHR-EVALUATION.problem_diagnosis.v1]/data[at0001]/items[openEHR-EHR-CLUSTER.problem_qualifier.v2]/items[at0004]/value DV_CODED_TEXT tail defining_code/code_string occurrences [diagnosis/problem_diagnosis/problem_qualifier] = at0018
          openehr /content[openEHR-EHR-EVALUATION.problem_diagnosis.v1]/data[at0001]/items[openEHR-EHR-CLUSTER.problem_qualifier.v2]/items[at0004]/value -> /content[openEHR-EHR-EVALUATION.problem_diagnosis.v1]/data[at0001]/items[openEHR-EHR-CLUSTER.problem_qualifier.v2]/items[at0004]/value DV_CODED_TEXT occurrences [diagnosis/problem_diagnosis/problem_qualifier] = Established
          fhirCondition one of [confirmed] on fhir $resource.verificationStatus.coding -> CodeableConcept.coding complex writable (element)
            attribute fhir $resource.verificationStatus.coding.code -> Coding.code primitive writable
          openehrCondition one of [at0018] on openehr /content[openEHR-EHR-EVALUATION.problem_diagnosis.v1]/data[at0001]/items[openEHR-EHR-CLUSTER.problem_qualifier.v2] -> /content[openEHR-EHR-EVALUATION.problem_diagnosis.v1]/data[at0001]/items[openEHR-EHR-CLUSTER.problem_qualifier.v2] CLUSTER occurrences [diagnosis/problem_diagnosis/problem_qualifier] (ancestor)
            attribute openehr /content[openEHR-EHR-EVALUATION.problem_diagnosis.v1]/data[at0001]/items[openEHR-EHR-CLUSTER.problem_qualifier.v2]/items[at0004]/defining_code/code_string -> /content[openEHR-EHR-EVALUATION.problem_diagnosis.v1]/data[at0001]/items[openEHR-EHR-CLUSTER.problem_qualifier.v2]/items[at0004]/value DV_CODED_TEXT tail defining_code/code_string occurrences [diagnosis/problem_diagnosis/problem_qualifier]
        manual refuted
          fhir $resource.verificationStatus.coding.code -> Coding.code primitive writable = refuted
          fhir $resource.verificationStatus.coding.display -> Coding.display primitive writable = Refuted
          fhir $resource.verificationStatus.coding.system -> Coding.system primitive writable = http://terminology.hl7.org/CodeSystem/condition-ver-status
          openehr /content[openEHR-EHR-EVALUATION.problem_diagnosis.v1]/data[at0001]/items[openEHR-EHR-CLUSTER.problem_qualifier.v2]/items[at0004]/defining_code/terminology_id/value -> /content[openEHR-EHR-EVALUATION.problem_diagnosis.v1]/data[at0001]/items[openEHR-EHR-CLUSTER.problem_qualifier.v2]/items[at0004]/value DV_CODED_TEXT tail defining_code/terminology_id/value occurrences [diagnosis/problem_diagnosis/problem_qualifier] = local
          openehr /content[openEHR-EHR-EVALUATION.problem_diagnosis.v1]/data[at0001]/items[openEHR-EHR-CLUSTER.problem_qualifier.v2]/items[at0004]/defining_code/code_string -> /content[openEHR-EHR-EVALUATION.problem_diagnosis.v1]/data[at0001]/items[openEHR-EHR-CLUSTER.problem_qualifier.v2]/items[at0004]/value DV_CODED_TEXT tail defining_code/code_string occurrences [diagnosis/problem_diagnosis/problem_qualifier] = at0088
          openehr /content[openEHR-EHR-EVALUATION.problem_diagnosis.v1]/data[at0001]/items[openEHR-EHR-CLUSTER.problem_qualifier.v2]/items[at0004]/value -> /content[openEHR-EHR-EVALUATION.problem_diagnosis.v1]/data[at0001]/items[openEHR-EHR-CLUSTER.problem_qualifier.v2]/items[at0004]/value DV_CODED_TEXT occurrences [diagnosis/problem_diagnosis/problem_qualifier] = Refuted
          fhirCondition one of [refuted] on fhir $resource.verificationStatus.coding -> CodeableConcept.coding complex writable (element)
            attribute fhir $resource.verificationStatus.coding.code -> Coding.code primitive writable
          openehrCondition one of [at0088] on openehr /content[openEHR-EHR-EVALUATION.problem_diagnosis.v1]/data[at0001]/items[openEHR-EHR-CLUSTER.problem_qualifier.v2] -> /content[openEHR-EHR-EVALUATION.problem_diagnosis.v1]/data[at0001]/items[openEHR-EHR-CLUSTER.problem_qualifier.v2] CLUSTER occurrences [diagnosis/problem_diagnosis/problem_qualifier] (ancestor)
            attribute openehr /content[openEHR-EHR-EVALUATION.problem_diagnosis.v1]/data[at0001]/items[openEHR-EHR-CLUSTER.problem_qualifier.v2]/items[at0004]/defining_code/code_string -> /content[openEHR-EHR-EVALUATION.problem_diagnosis.v1]/data[at0001]/items[openEHR-EHR-CLUSTER.problem_qualifier.v2]/items[at0004]/value DV_CODED_TEXT tail defining_code/code_string occurrences [diagnosis/problem_diagnosis/problem_qualifier]
      mapping clinicalStatus from ferrobridge_kds_problem_qualifier
        fhir $resource.clinicalStatus -> Condition.clinicalStatus complex writable
        openehr /content[openEHR-EHR-EVALUATION.problem_diagnosis.v1]/data[at0001]/items[openEHR-EHR-CLUSTER.problem_qualifier.v2]/items[at0003] -> /content[openEHR-EHR-EVALUATION.problem_diagnosis.v1]/data[at0001]/items[openEHR-EHR-CLUSTER.problem_qualifier.v2]/items[at0003]/value DV_CODED_TEXT occurrences [diagnosis/problem_diagnosis/problem_qualifier]
        derived CodeableConcept
      mapping referenzPrimaerdiagnose from ferrobridge_kds_problem_qualifier
        openehr /content[openEHR-EHR-EVALUATION.problem_diagnosis.v1]/data[at0001]/items[openEHR-EHR-CLUSTER.problem_qualifier.v2]/items[at0063] -> /content[openEHR-EHR-EVALUATION.problem_diagnosis.v1]/data[at0001]/items[openEHR-EHR-CLUSTER.problem_qualifier.v2]/items[at0063]/value DV_CODED_TEXT occurrences [diagnosis/problem_diagnosis/problem_qualifier]
        fhirCondition not of [http://hl7.org/fhir/StructureDefinition/condition-related] on fhir $resource -> Condition complex writable (element)
          attribute fhir $resource.extension.url -> Extension.url attribute writable
        manual maindiagnose
          openehr /content[openEHR-EHR-EVALUATION.problem_diagnosis.v1]/data[at0001]/items[openEHR-EHR-CLUSTER.problem_qualifier.v2]/items[at0063]/defining_code/terminology_id/value -> /content[openEHR-EHR-EVALUATION.problem_diagnosis.v1]/data[at0001]/items[openEHR-EHR-CLUSTER.problem_qualifier.v2]/items[at0063]/value DV_CODED_TEXT tail defining_code/terminology_id/value occurrences [diagnosis/problem_diagnosis/problem_qualifier] = local
          openehr /content[openEHR-EHR-EVALUATION.problem_diagnosis.v1]/data[at0001]/items[openEHR-EHR-CLUSTER.problem_qualifier.v2]/items[at0063]/defining_code/code_string -> /content[openEHR-EHR-EVALUATION.problem_diagnosis.v1]/data[at0001]/items[openEHR-EHR-CLUSTER.problem_qualifier.v2]/items[at0063]/value DV_CODED_TEXT tail defining_code/code_string occurrences [diagnosis/problem_diagnosis/problem_qualifier] = at0064
          openehr /content[openEHR-EHR-EVALUATION.problem_diagnosis.v1]/data[at0001]/items[openEHR-EHR-CLUSTER.problem_qualifier.v2]/items[at0063]/value -> /content[openEHR-EHR-EVALUATION.problem_diagnosis.v1]/data[at0001]/items[openEHR-EHR-CLUSTER.problem_qualifier.v2]/items[at0063]/value DV_CODED_TEXT occurrences [diagnosis/problem_diagnosis/problem_qualifier] = Hauptdiagnose
      mapping referenzNebendiagnose from ferrobridge_kds_problem_qualifier
        openehr /content[openEHR-EHR-EVALUATION.problem_diagnosis.v1]/data[at0001]/items[openEHR-EHR-CLUSTER.problem_qualifier.v2]/items[at0063] -> /content[openEHR-EHR-EVALUATION.problem_diagnosis.v1]/data[at0001]/items[openEHR-EHR-CLUSTER.problem_qualifier.v2]/items[at0063]/value DV_CODED_TEXT occurrences [diagnosis/problem_diagnosis/problem_qualifier]
        fhirCondition one of [http://hl7.org/fhir/StructureDefinition/condition-related] on fhir $resource -> Condition complex writable (element)
          attribute fhir $resource.extension.url -> Extension.url attribute writable
        manual nebendiagnose
          openehr /content[openEHR-EHR-EVALUATION.problem_diagnosis.v1]/data[at0001]/items[openEHR-EHR-CLUSTER.problem_qualifier.v2]/items[at0063]/defining_code/terminology_id/value -> /content[openEHR-EHR-EVALUATION.problem_diagnosis.v1]/data[at0001]/items[openEHR-EHR-CLUSTER.problem_qualifier.v2]/items[at0063]/value DV_CODED_TEXT tail defining_code/terminology_id/value occurrences [diagnosis/problem_diagnosis/problem_qualifier] = local
          openehr /content[openEHR-EHR-EVALUATION.problem_diagnosis.v1]/data[at0001]/items[openEHR-EHR-CLUSTER.problem_qualifier.v2]/items[at0063]/defining_code/code_string -> /content[openEHR-EHR-EVALUATION.problem_diagnosis.v1]/data[at0001]/items[openEHR-EHR-CLUSTER.problem_qualifier.v2]/items[at0063]/value DV_CODED_TEXT tail defining_code/code_string occurrences [diagnosis/problem_diagnosis/problem_qualifier] = at0066
          openehr /content[openEHR-EHR-EVALUATION.problem_diagnosis.v1]/data[at0001]/items[openEHR-EHR-CLUSTER.problem_qualifier.v2]/items[at0063]/value -> /content[openEHR-EHR-EVALUATION.problem_diagnosis.v1]/data[at0001]/items[openEHR-EHR-CLUSTER.problem_qualifier.v2]/items[at0063]/value DV_CODED_TEXT occurrences [diagnosis/problem_diagnosis/problem_qualifier] = Nebendiagnose
  mapping assertedDate from ferrobridge_problem_diagnose
    fhir $resource.recordedDate -> Condition.recordedDate primitive writable
    openehr /content[openEHR-EHR-EVALUATION.problem_diagnosis.v1]/data[at0001]/items[at0003] -> /content[openEHR-EHR-EVALUATION.problem_diagnosis.v1]/data[at0001]/items[at0003]/value DV_DATE_TIME
    type DATETIME
    unidirectional openehr->fhir
