---
source: crates/ferrobridge-hl7v2/tests/it/map.rs
expression: summary(&mapped)
---
[
    "earlier-version: EarlierVersion { declared: \"2.5.1\" }",
    "unsupported-assignment: MSH[1]-10(1) segment-msh-to-bundle MSH-10 -> identifier.system [/to be determined by the implementer/]",
    "no-datatype-map: MSH[1]-3(1) segment-msh-to-messageheader MSH-3 -> source[1] [HD to MessageHeaderSource]",
    "unsupported-assignment: MSH[1]-9(1) datatype-msg-to-coding MSG -> display [MSG.1+\"^\"+MSG.2+\"^\"+MSG.3]",
    "unmapped-component: MSH[1]-9(1) datatype-msg-to-coding component 1",
    "unmapped-component: MSH[1]-9(1) datatype-msg-to-coding component 3",
    "unresolved-table: MSH[1]-11(1) datatype-pt-to-meta PT.1 -> tag[1].code [unspecified_mapping]",
    "no-segment-map: MSH[1] Provenance [\"segment-msh-operator-to-provenance\", \"segment-msh-source-to-provenance\", \"segment-msh-transformation-to-provenance\"]",
    "no-segment-map: MSH[1] Provenance [\"segment-msh-operator-to-provenance\", \"segment-msh-source-to-provenance\", \"segment-msh-transformation-to-provenance\"]",
    "unmapped-field: MSH[1]-12",
    "unsupported-assignment: EVN[1] segment-evn-to-provenance EVN -> activity.coding.display [\"event - :\"+MSG.1+\"^\"+MSG.2]",
    "narrative-condition: PID[1]-3(1) datatype-cx-to-identifier CX.4 -> assigner(Organization) []",
    "unsupported-condition: PID[1]-3(1) datatype-cx-to-identifier CX.4 -> system [IF CX.4 IN http://hl7.org/implement/standards/fhir/identifier-registry.html]",
    "unsupported-assignment: PID[1] segment-pid-patient-to-provenance PID -> recorded [/time of transformation/]",
    "unmapped-field: PID[1]-1",
    "unsupported-condition: PV1[1] message-mdm-t02-to-bundle MDM_T02.PV1 -> Coverage[1] [IF PV1-20 VALUE]",
    "unmapped-field: PV1[1]-1",
    "narrative-condition: TXA[1]-2(1) datatype-cwe-to-codeableconcept CWE.1 -> coding[1].code []",
    "no-datatype-map: TXA[1]-12(1) segment-txa-to-documentreference TXA-12 -> masterIdentifier [EI to Identifier]",
    "narrative-condition: TXA[1] message-mdm-t02-to-bundle MDM_T02.TXA -> Provenance []",
    "unmapped-field: TXA[1]-1",
    "unmapped-field: TXA[1]-4",
    "unmapped-segment: OBX[1]",
    "undecodable: Provenance Provenance.recorded: required property is missing",
    "undecodable: DocumentReference DocumentReference.status: required property is missing",
]
