---
source: crates/ferrobridge-hl7v2/tests/it/map/bundle.rs
expression: asked
---
[
    (
        "http://hl7.org/fhir/uv/v2mappings/ConceptMap/table-hl70203-to-v2-0203",
        "MR",
    ),
    (
        "http://hl7.org/fhir/uv/v2mappings/ConceptMap/table-hl70200-to-name-use",
        "L",
    ),
    (
        "http://hl7.org/fhir/uv/v2mappings/ConceptMap/table-hl70001-to-administrative-gender",
        "F",
    ),
    (
        "http://hl7.org/fhir/uv/v2mappings/ConceptMap/table-hl70004-to-v3-actcode",
        "I",
    ),
    (
        "http://hl7.org/fhir/uv/v2mappings/ConceptMap/table-hl70004-to-encounter-status",
        "I",
    ),
]
